// Jest Snapshot v1, https://goo.gl/fbAQLP

exports[`HeaderMenu should render 1`] = `
<ForwardRef
  aria-label="Accessibility label"
  className="custom-class"
  tabIndex={-1}
>
  <HeaderMenu
    aria-label="Accessibility label"
    className="custom-class"
    focusRef={null}
    tabIndex={-1}
  >
    <li
      className="bx--platform-header__submenu custom-class"
      onBlur={[Function]}
      onKeyDown={[Function]}
      onMouseLeave={[Function]}
      onMouseOver={[Function]}
    >
      <a
        aria-expanded={false}
        aria-haspopup="menu"
        className="bx--platform-header__menu-item bx--platform-header__menu-title"
        href="javascript:void(0)"
        onKeyDown={[Function]}
        role="menuitem"
        tabIndex={-1}
      >
        Accessibility label
        <ChevronDownGlyph
          className="bx--platform-header__menu-arrow"
        >
          <svg
            aria-hidden={true}
            className="bx--platform-header__menu-arrow"
            height={7}
            viewBox="0 0 12 7"
            width={12}
          >
            <path
              d="M6.002 5.55L11.27 0l.726.685L6.002 7 0 .685.726 0z"
            />
          </svg>
        </ChevronDownGlyph>
      </a>
      <ul
        aria-label="Accessibility label"
        className="bx--platform-header__menu"
        role="menu"
      >
        <ForwardRef
          href="/a"
          key=".0"
          role="none"
          tabIndex={0}
        >
          <HeaderMenuItem
            href="/a"
            innerRef={[Function]}
            role="none"
            tabIndex={0}
          >
            <li
              role="none"
            >
              <a
                className="bx--platform-header__menu-item"
                href="/a"
                role="menuitem"
                tabIndex={0}
              >
                <span
                  className="bx--text-truncate--end"
                >
                  A
                </span>
              </a>
            </li>
          </HeaderMenuItem>
        </ForwardRef>
        <ForwardRef
          href="/b"
          key=".1"
          role="none"
          tabIndex={-1}
        >
          <HeaderMenuItem
            href="/b"
            innerRef={[Function]}
            role="none"
            tabIndex={-1}
          >
            <li
              role="none"
            >
              <a
                className="bx--platform-header__menu-item"
                href="/b"
                role="menuitem"
                tabIndex={-1}
              >
                <span
                  className="bx--text-truncate--end"
                >
                  B
                </span>
              </a>
            </li>
          </HeaderMenuItem>
        </ForwardRef>
        <ForwardRef
          href="/c"
          key=".2"
          role="none"
          tabIndex={-1}
        >
          <HeaderMenuItem
            href="/c"
            innerRef={[Function]}
            role="none"
            tabIndex={-1}
          >
            <li
              role="none"
            >
              <a
                className="bx--platform-header__menu-item"
                href="/c"
                role="menuitem"
                tabIndex={-1}
              >
                <span
                  className="bx--text-truncate--end"
                >
                  C
                </span>
              </a>
            </li>
          </HeaderMenuItem>
        </ForwardRef>
      </ul>
    </li>
  </HeaderMenu>
</ForwardRef>
`;
