// Jest Snapshot v1, https://goo.gl/fbAQLP

exports[`HeaderGlobalBar should render 1`] = `
<HeaderGlobalBar
  className="custom-class"
>
  <div
    className="bx--platform-header__global custom-class"
  />
</HeaderGlobalBar>
`;
